[03:04:36] [main/INFO]: Loading Minecraft 1.20.1 with Fabric Loader 0.18.2
[03:04:37] [main/WARN]: Warnings were found!
 - Mod 'Simply Swords' (simplyswords) 1.56.0-1.20.1 recommends version 1.7.2 or later of bettercombat, which is missing!
	 - You should install version 1.7.2 or later of bettercombat for the optimal experience.
[03:04:37] [main/INFO]: Loading 161 mods:
	- accessories 1.0.0-beta.48+1.20.1
	   |-- io_wispforest_endec 0.1.8
	   |-- io_wispforest_endec_gson 0.1.5
	   \-- io_wispforest_endec_netty 0.1.4
	- appleskin 2.5.2+mc1.20.1
	- architectury 9.2.14
	- artifacts 9.5.17
	   |-- expandability 9.0.4
	   \-- step-height-entity-attribute 1.2.0
	- balm 7.3.38
	   \-- kuma_api 20.1.12
	- bclib 3.0.14
	   \-- wunderlib 1.1.5
	- betterdungeons 1.20-Fabric-4.0.4
	   \-- org_reflections_reflections 0.10.2
	- betterend 4.0.11
	- betterendisland 1.20-Fabric-2.0.6
	- betterfortresses 1.20-Fabric-2.0.6
	- betterjungletemples 1.20-Fabric-2.0.5
	- bettermineshafts 1.20-Fabric-4.0.4
	- betteroceanmonuments 1.20-Fabric-3.0.4
	- betterstrongholds 1.20-Fabric-4.0.3
	- bookshelf 20.2.15
	- cardinal-components 5.2.3
	   |-- cardinal-components-base 5.2.3
	   |-- cardinal-components-block 5.2.3
	   |-- cardinal-components-chunk 5.2.3
	   |-- cardinal-components-entity 5.2.3
	   |-- cardinal-components-item 5.2.3
	   |-- cardinal-components-level 5.2.3
	   |-- cardinal-components-scoreboard 5.2.3
	   \-- cardinal-components-world 5.2.3
	- carryon 2.1.2.7
	- charmofundying 6.5.0+1.20.1
	   \-- spectrelib 0.13.15+1.20.1
	- chunky 1.3.146
	- cloth-config 11.1.136
	   \-- cloth-basic-math 0.6.1
	- comforts 6.4.0+1.20.1
	   \-- spectrelib 0.13.15+1.20.1
	- coroutil 1.20.1-1.3.7
	- cristellib 1.1.5
	   \-- blue_endless_jankson 1.2.3
	- ctov 3.4.14
	- deeperdarker 1.3.3-plus-b
	   \-- customportalapi 0.0.1-beta64-1.20
	- disenchanting_table 5.0.2
	- elytraslot 6.4.4+1.20.1
	   \-- mixinsquared 0.1.2-beta.6
	- explorerscompass 1.20.1-2.6.0-fabric
	- explorify 1.6.5
	- fabric-api 0.92.9+1.20.1
	   |-- fabric-api-base 0.4.32+1802ada577
	   |-- fabric-api-lookup-api-v1 1.6.37+1802ada577
	   |-- fabric-biome-api-v1 13.0.15+93aa238b77
	   |-- fabric-block-api-v1 1.0.12+1802ada577
	   |-- fabric-block-view-api-v2 1.0.3+924f046a77
	   |-- fabric-blockrenderlayer-v1 1.1.42+1802ada577
	   |-- fabric-client-tags-api-v1 1.1.3+1802ada577
	   |-- fabric-command-api-v1 1.2.35+f71b366f77
	   |-- fabric-command-api-v2 2.2.14+1802ada577
	   |-- fabric-commands-v0 0.2.52+df3654b377
	   |-- fabric-containers-v0 0.1.68+df3654b377
	   |-- fabric-content-registries-v0 4.0.13+1802ada577
	   |-- fabric-convention-tags-v1 1.5.6+1802ada577
	   |-- fabric-crash-report-info-v1 0.2.20+1802ada577
	   |-- fabric-data-attachment-api-v1 1.0.2+de0fd6d177
	   |-- fabric-data-generation-api-v1 12.3.9+1802ada577
	   |-- fabric-dimensions-v1 2.1.55+1802ada577
	   |-- fabric-entity-events-v1 1.6.1+1c78457f77
	   |-- fabric-events-interaction-v0 0.6.6+13a40c6677
	   |-- fabric-events-lifecycle-v0 0.2.64+df3654b377
	   |-- fabric-game-rule-api-v1 1.0.41+1802ada577
	   |-- fabric-item-api-v1 2.1.29+1802ada577
	   |-- fabric-item-group-api-v1 4.0.14+1802ada577
	   |-- fabric-key-binding-api-v1 1.0.38+1802ada577
	   |-- fabric-keybindings-v0 0.2.36+df3654b377
	   |-- fabric-lifecycle-events-v1 2.2.23+1802ada577
	   |-- fabric-loot-api-v2 1.2.3+1802ada577
	   |-- fabric-loot-tables-v1 1.1.47+9e7660c677
	   |-- fabric-message-api-v1 5.1.10+1802ada577
	   |-- fabric-mining-level-api-v1 2.1.52+1802ada577
	   |-- fabric-model-loading-api-v1 1.0.4+1802ada577
	   |-- fabric-models-v0 0.4.3+9386d8a777
	   |-- fabric-networking-api-v1 1.3.15+0caff8d077
	   |-- fabric-networking-v0 0.3.55+df3654b377
	   |-- fabric-object-builder-api-v1 11.1.5+e35120df77
	   |-- fabric-particles-v1 1.1.3+1802ada577
	   |-- fabric-recipe-api-v1 1.0.25+1802ada577
	   |-- fabric-registry-sync-v0 2.4.1+4c0a70e677
	   |-- fabric-renderer-api-v1 3.2.2+1802ada577
	   |-- fabric-renderer-indigo 1.5.3+85287f9f77
	   |-- fabric-renderer-registries-v1 3.2.47+df3654b377
	   |-- fabric-rendering-data-attachment-v1 0.3.39+92a0d36777
	   |-- fabric-rendering-fluids-v1 3.0.29+1802ada577
	   |-- fabric-rendering-v0 1.1.50+df3654b377
	   |-- fabric-rendering-v1 3.0.9+1802ada577
	   |-- fabric-resource-conditions-api-v1 2.3.9+1802ada577
	   |-- fabric-resource-loader-v0 0.11.12+fb82e9d777
	   |-- fabric-screen-api-v1 2.0.9+1802ada577
	   |-- fabric-screen-handler-api-v1 1.3.34+1802ada577
	   |-- fabric-sound-api-v1 1.0.14+1802ada577
	   |-- fabric-transfer-api-v1 3.3.6+8dd72ea377
	   \-- fabric-transitive-access-wideners-v1 4.3.2+1802ada577
	- fabric-language-kotlin 1.13.11+kotlin.2.3.21
	   |-- org_jetbrains_kotlin_kotlin-reflect 2.3.21
	   |-- org_jetbrains_kotlin_kotlin-stdlib 2.3.21
	   |-- org_jetbrains_kotlin_kotlin-stdlib-jdk7 2.3.21
	   |-- org_jetbrains_kotlin_kotlin-stdlib-jdk8 2.3.21
	   |-- org_jetbrains_kotlinx_atomicfu-jvm 0.32.1
	   |-- org_jetbrains_kotlinx_kotlinx-coroutines-core-jvm 1.10.2
	   |-- org_jetbrains_kotlinx_kotlinx-coroutines-jdk8 1.10.2
	   |-- org_jetbrains_kotlinx_kotlinx-datetime-jvm 0.7.1
	   |-- org_jetbrains_kotlinx_kotlinx-io-bytestring-jvm 0.9.0
	   |-- org_jetbrains_kotlinx_kotlinx-io-core-jvm 0.9.0
	   |-- org_jetbrains_kotlinx_kotlinx-serialization-cbor-jvm 1.11.0
	   |-- org_jetbrains_kotlinx_kotlinx-serialization-core-jvm 1.11.0
	   \-- org_jetbrains_kotlinx_kotlinx-serialization-json-jvm 1.11.0
	- fabricloader 0.18.2
	   \-- mixinextras 0.5.0
	- fallingtree 4.3.4
	- forgeconfigapiport 8.0.3
	- framework 0.8.0
	   |-- com_electronwill_night-config_core 3.6.6
	   |-- com_electronwill_night-config_toml 3.6.6
	   \-- org_javassist_javassist 3.29.2-GA
	- fusion 1.2.12
	- iceberg 1.1.25
	- illagerinvasion 8.0.7
	   \-- extensibleenums 7.0.1
	- jade 11.13.1+fabric
	- jamlib 1.3.6+1.20.1
	- java 17
	- jei 15.20.0.112
	- justhammers 20.1.5+mc1.20.1
	- justzoom 2.1.0
	- konkrete 1.8.1
	- lithostitched 1.4.11
	- lootr 0.7.35.86
	- mes 2.0.3
	- minecraft 1.20.1
	- mns 2.0.4
	- monolib 4.0.2
	- moogs_structures 1.1.0-1.20-1.20.4
	- mss 2.1.0
	- mvs 5.0.6
	- naturescompass 1.20.1-2.6.0-fabric
	- owo 0.11.2+1.20
	- paraglider 20.1.4
	- puzzleslib 8.1.33
	   \-- puzzlesaccessapi 20.1.1
	- rechiseled 1.2.4
	- refurbished_furniture 1.0.20
	- rightclickharvest 4.6.1+1.20.1
	- simplyswords 1.56.0-1.20.1
	   \-- spruceui 5.0.0+1.20
	- skinlayers3d 1.11.1
	   |-- transition 1.0.17
	   \-- trender 1.0.12
	- structory 1.3.5
	- structory_towers 1.0.7
	- supermartijn642configlib 1.1.8+a
	- supermartijn642corelib 1.1.21
	- t_and_t 1.12
	- trade_cycling 1.20.1-1.0.7
	   |-- fabric-key-binding-api-v1 1.0.36+fb8d95da82
	   \-- fabric-screen-api-v1 2.0.6+b3afc78b82
	- travelersbackpack 9.1.52
	   \-- reach-entity-attributes 2.4.0
	- trinkets 3.7.2
	- voicechat 1.20.1-2.6.17
	   |-- fabric-key-binding-api-v1 1.0.36+fb8d95da82
	   \-- voicechat_api 2.6.13
	- watut 1.20.1-1.2.3
	- waystones 14.1.20
	- xaerominimap 25.3.12
	   \-- xaerolib 1.1.15
	- xaeroworldmap 1.40.16
	   \-- xaerolib 1.1.15
	- yungsapi 1.20-Fabric-4.0.6
[03:04:38] [main/INFO]: SpongePowered MIXIN Subsystem Version=0.8.7 Source=file:/workspaces/MSX/servidor_minecraft/libraries/net/fabricmc/sponge-mixin/0.16.5+mixin.0.8.7/sponge-mixin-0.16.5+mixin.0.8.7.jar Service=Knot/Fabric Env=SERVER
[03:04:38] [main/INFO]: Compatibility level set to JAVA_17
[03:04:39] [main/WARN]: Reference map 'coroutil.refmap.json' for coroutil_fabric.mixins.json could not be read. If this is a development environment you can ignore this message
[03:04:39] [main/WARN]: Reference map '[common]ctov-common-refmap.json' for ctov-common.mixins.json could not be read. If this is a development environment you can ignore this message
[03:04:39] [main/WARN]: Reference map 'justhammers-common-refmap.json' for justhammers-common.mixins.json could not be read. If this is a development environment you can ignore this message
[03:04:39] [main/WARN]: Reference map 'puzzlesaccessapi.common.refmap.json' for puzzlesaccessapi.common.mixins.json could not be read. If this is a development environment you can ignore this message
[03:04:39] [main/WARN]: Reference map 'puzzlesaccessapi.fabric.refmap.json' for puzzlesaccessapi.fabric.mixins.json could not be read. If this is a development environment you can ignore this message
[03:04:39] [main/WARN]: Reference map 'rechiseled.mixins.refmap.json' for rechiseled.mixins.json could not be read. If this is a development environment you can ignore this message
[03:04:39] [main/WARN]: Reference map 'simplyswords-fabric-refmap.json' for simplyswords.mixins.json could not be read. If this is a development environment you can ignore this message
[03:04:39] [main/WARN]: Reference map 'supermartijn642configlib.mixins.refmap.json' for supermartijn642configlib.mixins.json could not be read. If this is a development environment you can ignore this message
[03:04:39] [main/WARN]: Reference map 'supermartijn642corelib.mixins.refmap.json' for supermartijn642corelib.mixins.json could not be read. If this is a development environment you can ignore this message
[03:04:39] [main/WARN]: Error loading class: net/minecraft/class_761 (java.lang.ClassNotFoundException: net/minecraft/class_761)
[03:04:39] [main/WARN]: @Mixin target net.minecraft.class_761 was not found accessories-common.mixins.json:LevelRendererAccessor from mod accessories
[03:04:40] [main/WARN]: Error loading class: com/tom/storagemod/tile/StorageTerminalBlockEntity (java.lang.ClassNotFoundException: com/tom/storagemod/tile/StorageTerminalBlockEntity)
[03:04:40] [main/WARN]: Error loading class: fr/catcore/server/translations/api/resource/language/SystemDelegatedLanguage (java.lang.ClassNotFoundException: fr/catcore/server/translations/api/resource/language/SystemDelegatedLanguage)
[03:04:40] [main/INFO]: Initializing MixinExtras via com.llamalad7.mixinextras.service.MixinExtrasServiceImpl(version=0.5.0).
[03:04:43] [main/WARN]: @ModifyVariable(@At("INVOKE")) Shift.BY=2 on accessories-fabric.mixins.json:LivingEntityMixin from mod accessories::localvar$zza000$accessories$adjustLooting exceeds the maximum allowed value: 0. Increase the value of maxShiftBy to suppress this warning.
[03:04:47] [main/WARN]: @Inject(@At("INVOKE")) Shift.BY=2 on accessories-common.mixins.json:NbtCompoundMixin from mod accessories::handler$zzm000$accessories$adjustCheckForListVariants exceeds the maximum allowed value: 0. Increase the value of maxShiftBy to suppress this warning.
[03:04:48] [main/INFO]: Mixins applied to net.minecraft.world.item.Item
[03:04:50] [main/WARN]: @Inject(@At("INVOKE_ASSIGN")) Shift.BY=2 on refurbished_furniture.common.mixins.json:LevelChunkMixin from mod refurbished_furniture::handler$caa000$refurbished_furniture$refurbishedFurniture$AfterRemoveBlockEntity exceeds the maximum allowed value: 0. Increase the value of maxShiftBy to suppress this warning.
[03:04:54] [main/INFO]: Registering Listeners!
[03:04:54] [main/INFO]: Registering C2S receiver with id artifacts:networking_channel/42a7ad70b1cc371599a0eff744096b8a
[03:04:54] [main/INFO]: Registering C2S receiver with id artifacts:networking_channel/74a5e841822a3a87854ae896a33430d6
[03:04:54] [main/INFO]: Registering C2S receiver with id artifacts:networking_channel/eb3d1e2748533430848cadf0f37c7e9c
[03:04:54] [main/INFO]: Registering C2S receiver with id artifacts:networking_channel/91c8520f19f93b3e8b6a727568e194ab
[03:04:54] [main/INFO]: Registering C2S receiver with id artifacts:networking_channel/8c2784d778293fd482ed84b8aa5fedb9
[03:04:54] [main/INFO]: Registering C2S receiver with id artifacts:networking_channel/ea038224ea783d40b2863f52239e2604
[03:04:54] [main/INFO]: Registering C2S receiver with id artifacts:networking_channel/97ad64b7ecaf33209991c4f031501a58
[03:04:54] [main/ERROR]: No data fixer registered for artifacts:mimic
[03:04:54] [main/INFO]: [bclib] Added Config bclib.generator to auto sync (file hash)
[03:04:54] [main/INFO]: [bclib] Added Config bclib.main to auto sync (content diff)
[03:04:54] [main/INFO]: [bclib] Added Config bclib.biomes to auto sync (file hash)
[03:04:55] [main/INFO]: Reflections took 65 ms to scan 1 urls, producing 1 keys and 3 values
[03:04:55] [main/INFO]: Reflections took 6 ms to scan 1 urls, producing 1 keys and 3 values
[03:04:55] [main/INFO]: [bclib] Added Config betterend.entities to auto sync (file hash)
[03:04:55] [main/INFO]: [bclib] Added Config betterend.blocks to auto sync (file hash)
[03:04:55] [main/INFO]: [bclib] Added Config betterend.items to auto sync (file hash)
[03:04:55] [main/INFO]: [bclib] Added Config betterend.biomes to auto sync (file hash)
[03:04:55] [main/INFO]: [bclib] Added Config betterend.recipes to auto sync (file hash)
[03:04:55] [main/INFO]: [bclib] Added Config betterend.enchantments to auto sync (file hash)
[03:05:06] [main/INFO]: Reflections took 2 ms to scan 1 urls, producing 1 keys and 2 values
[03:05:06] [main/INFO]: Reflections took 2 ms to scan 1 urls, producing 1 keys and 2 values
[03:05:06] [main/INFO]: Reflections took 9 ms to scan 1 urls, producing 1 keys and 1 values
[03:05:06] [main/INFO]: Reflections took 3 ms to scan 1 urls, producing 1 keys and 1 values
[03:05:06] [main/INFO]: Reflections took 3 ms to scan 1 urls, producing 1 keys and 3 values
[03:05:06] [main/INFO]: Reflections took 2 ms to scan 1 urls, producing 1 keys and 3 values
[03:05:07] [main/INFO]: Reflections took 3 ms to scan 1 urls, producing 1 keys and 2 values
[03:05:07] [main/INFO]: Reflections took 2 ms to scan 1 urls, producing 1 keys and 2 values
[03:05:07] [main/INFO]: Reflections took 2 ms to scan 1 urls, producing 1 keys and 1 values
[03:05:07] [main/INFO]: Reflections took 5 ms to scan 1 urls, producing 1 keys and 1 values
[03:05:07] [main/INFO]: Reflections took 4 ms to scan 1 urls, producing 1 keys and 2 values
[03:05:07] [main/INFO]: Reflections took 3 ms to scan 1 urls, producing 1 keys and 2 values
[03:05:07] [main/INFO]: Fixing MC-151457. Crafting remainder for minecraft:pufferfish_bucket is now minecraft:bucket.
[03:05:07] [main/INFO]: Fixing MC-151457. Crafting remainder for minecraft:salmon_bucket is now minecraft:bucket.
[03:05:07] [main/INFO]: Fixing MC-151457. Crafting remainder for minecraft:cod_bucket is now minecraft:bucket.
[03:05:07] [main/INFO]: Fixing MC-151457. Crafting remainder for minecraft:tropical_fish_bucket is now minecraft:bucket.
[03:05:07] [main/INFO]: Fixing MC-151457. Crafting remainder for minecraft:axolotl_bucket is now minecraft:bucket.
[03:05:07] [main/INFO]: Fixing MC-151457. Crafting remainder for minecraft:powder_snow_bucket is now minecraft:bucket.
[03:05:07] [main/INFO]: Fixing MC-151457. Crafting remainder for minecraft:tadpole_bucket is now minecraft:bucket.
[03:05:07] [main/INFO]: fabric loader environment detected
[03:05:08] [main/ERROR]: No data fixer registered for crystallized_amber
[03:05:08] [main/ERROR]: No data fixer registered for sculk_jaw
[03:05:08] [main/INFO]: ExpandAbility here, who dis?
[03:05:08] [main/INFO]: Reflections took 280 ms to scan 1 urls, producing 9 keys and 75 values
[03:05:10] [main/ERROR]: No data fixer registered for seat
[03:05:10] [main/ERROR]: No data fixer registered for provoker
[03:05:10] [main/ERROR]: No data fixer registered for invoker
[03:05:10] [main/ERROR]: No data fixer registered for necromancer
[03:05:10] [main/ERROR]: No data fixer registered for basher
[03:05:10] [main/ERROR]: No data fixer registered for sorcerer
[03:05:10] [main/ERROR]: No data fixer registered for archivist
[03:05:10] [main/ERROR]: No data fixer registered for inquisitor
[03:05:10] [main/ERROR]: No data fixer registered for marauder
[03:05:10] [main/ERROR]: No data fixer registered for alchemist
[03:05:10] [main/ERROR]: No data fixer registered for firecaller
[03:05:10] [main/ERROR]: No data fixer registered for surrendered
[03:05:10] [main/ERROR]: No data fixer registered for invoker_fangs
[03:05:10] [main/ERROR]: No data fixer registered for flying_magma
[03:05:10] [main/INFO]: Constructing common components for illagerinvasion:main
[03:05:10] [main/INFO]: Initializing JamLib on Fabric
[03:05:10] [main/WARN]: [JUST ZOOM] Disabling 'Just Zoom' since it's a client-side mod and current environment is server!
[03:05:10] [main/INFO]: [KONKRETE] Successfully initialized!
[03:05:10] [main/INFO]: [KONKRETE] Server-side libs ready to use!
[03:05:10] [main/INFO]: Unobtainium is usually found underground
[03:05:11] [main/INFO]: Constructing common components for puzzleslib:main
[03:05:11] [main/INFO]: Registered synced data key refurbished_furniture:lock_yaw for refurbished_furniture:seat
[03:05:11] [main/INFO]: Updated config file at /workspaces/MSX/servidor_minecraft/config/rightclickharvest.json5
[03:05:11] [main/INFO]: Initializing Right Click Harvest on FABRIC
[03:05:11] [main/ERROR]: No data fixer registered for battlestandard
[03:05:11] [main/ERROR]: No data fixer registered for battlestandarddark
[03:05:11] [main/ERROR]: No data fixer registered for simplyswords:simplybeeentity
[03:05:11] [main/INFO]: [STDOUT]: /workspaces/MSX/servidor_minecraft/config
[03:05:12] [main/ERROR]: No data fixer registered for 
[03:05:12] [main/INFO]: Registered the FluidEffect with Unique ID of minecraft:water for Water (Fluid Amount Required: 81000) with the ID 0
[03:05:12] [main/INFO]: Registered the FluidEffect with Unique ID of minecraft:lava for Lava (Fluid Amount Required: 81000) with the ID 1
[03:05:12] [main/INFO]: Registered the FluidEffect with Unique ID of travelersbackpack:potion for block.travelersbackpack.potion_still (Fluid Amount Required: 27000) with the ID 2
[03:05:12] [main/INFO]: Registered the FluidEffect with Unique ID of milk:still_milk for Air (Fluid Amount Required: 81000) with the ID 3
[03:05:12] [main/INFO]: [voicechat] Compatibility version 20
[03:05:12] [main/INFO]: [voicechat] Loading plugins
[03:05:12] [main/INFO]: [voicechat] Loaded 0 plugin(s)
[03:05:12] [main/INFO]: [voicechat] Initializing plugins
[03:05:12] [main/INFO]: [voicechat] Initialized 0 plugin(s)
[03:05:13] [main/INFO]: Reflections took 7 ms to scan 1 urls, producing 1 keys and 4 values
[03:05:13] [main/INFO]: Reflections took 8 ms to scan 1 urls, producing 1 keys and 4 values
[03:05:15] [main/INFO]: Registering common data for channel xaerolib:main!
[03:05:15] [main/INFO]: Loading primary common config for channel xaerolib:main!
[03:05:15] [main/INFO]: Loading server config profiles for channel xaerolib:main!
[03:05:15] [main/INFO]: Loading XaeroLib common 1/2!
[03:05:15] [main/INFO]: Loading XaeroLib server 1/2!
[03:05:15] [main/INFO]: Registering common data for channel xaerominimap:main!
[03:05:15] [main/INFO]: Loading primary common config for channel xaerominimap:main!
[03:05:15] [main/INFO]: Loading server config profiles for channel xaerominimap:main!
[03:05:15] [main/INFO]: Loading Xaero's Minimap - Stage 1/2 (Server)
[03:05:15] [main/INFO]: Registering common data for channel xaeroworldmap:main!
[03:05:15] [main/INFO]: Loading primary common config for channel xaeroworldmap:main!
[03:05:15] [main/INFO]: Loading server config profiles for channel xaeroworldmap:main!
[03:05:15] [main/INFO]: Loading Xaero's World Map - Stage 1/2 (Server)
[03:05:16] [main/INFO]: Environment: authHost='https://authserver.mojang.com', accountsHost='https://api.mojang.com', sessionHost='https://sessionserver.mojang.com', servicesHost='https://api.minecraftservices.com', name='PROD'
[03:05:16] [main/INFO]: 1 chiseling plugins were registered: [rechiseled:datapacks]
[03:05:16] [main/INFO]: [DataFixerAPI] Applying Patch{bclib:3.0.11:12582923}
[03:05:16] [main/INFO]: [bclib] Running Pre Patchers on ./world/.
[03:05:16] [main/WARN]: [bclib] Applying Fixes on Level
[03:05:16] [main/INFO]: [bclib] Patcher Stage... Reading Data%
[03:05:16] [main/INFO]: [bclib] Patcher Stage... Fixing Players%
[03:05:16] [main/INFO]: [DataFixerAPI] Inspecting ./world/./playerdata/47da7f89-824a-300f-9f08-780a65852e83.dat
[03:05:16] [main/INFO]: [bclib] Patcher Stage... Applying Patches to level.dat%
[03:05:16] [main/INFO]: [DataFixerAPI] Inspecting level.dat in ./world/.
[03:05:16] [main/INFO]: [bclib] Patcher Stage... Patching Custom World-Data%
[03:05:16] [main/INFO]: [bclib] Patcher Stage... Repairing all Regions%
[03:05:16] [main/INFO]: [DataFixerAPI] Inspecting ./world/./poi/r.2.0.mca
[03:05:16] [ForkJoinPool.commonPool-worker-1/INFO]: [DataFixerAPI] Inspecting ./world/./poi/r.0.-1.mca
[03:05:16] [main/INFO]: [DataFixerAPI] Inspecting ./world/./poi/r.-1.1.mca
[03:05:16] [ForkJoinPool.commonPool-worker-1/INFO]: [DataFixerAPI] Inspecting ./world/./poi/r.-1.0.mca
[03:05:16] [main/INFO]: [DataFixerAPI] Inspecting ./world/./poi/r.1.1.mca
[03:05:16] [main/INFO]: [DataFixerAPI] Inspecting ./world/./region/r.0.-1.mca
[03:05:16] [ForkJoinPool.commonPool-worker-1/INFO]: [DataFixerAPI] Inspecting ./world/./poi/r.0.0.mca
[03:05:16] [ForkJoinPool.commonPool-worker-1/INFO]: [DataFixerAPI] Inspecting ./world/./poi/r.1.-1.mca
[03:05:16] [ForkJoinPool.commonPool-worker-1/INFO]: [DataFixerAPI] Inspecting ./world/./poi/r.0.1.mca
[03:05:16] [ForkJoinPool.commonPool-worker-1/INFO]: [DataFixerAPI] Inspecting ./world/./poi/r.1.0.mca
[03:05:16] [ForkJoinPool.commonPool-worker-1/INFO]: [DataFixerAPI] Inspecting ./world/./poi/r.-1.-1.mca
[03:05:16] [ForkJoinPool.commonPool-worker-1/INFO]: [DataFixerAPI] Inspecting ./world/./entities/r.0.-1.mca
[03:05:16] [ForkJoinPool.commonPool-worker-1/INFO]: [DataFixerAPI] Inspecting ./world/./entities/r.-1.0.mca
[03:05:16] [ForkJoinPool.commonPool-worker-1/INFO]: [DataFixerAPI] Inspecting ./world/./entities/r.0.0.mca
[03:05:16] [ForkJoinPool.commonPool-worker-1/INFO]: [DataFixerAPI] Inspecting ./world/./entities/r.0.1.mca
[03:05:16] [ForkJoinPool.commonPool-worker-1/INFO]: [DataFixerAPI] Inspecting ./world/./entities/r.1.0.mca
[03:05:16] [ForkJoinPool.commonPool-worker-1/INFO]: [DataFixerAPI] Inspecting ./world/./entities/r.-1.-1.mca
[03:05:16] [ForkJoinPool.commonPool-worker-1/INFO]: [DataFixerAPI] Inspecting ./world/./entities/r.-1.1.mca
[03:05:16] [ForkJoinPool.commonPool-worker-1/INFO]: [DataFixerAPI] Inspecting ./world/./region/r.0.1.mca
[03:05:17] [ForkJoinPool.commonPool-worker-1/INFO]: [bclib] Patching... 66%
[03:05:17] [ForkJoinPool.commonPool-worker-1/INFO]: [DataFixerAPI] Inspecting ./world/./region/r.1.0.mca
[03:05:17] [main/INFO]: [DataFixerAPI] Inspecting ./world/./region/r.-1.0.mca
[03:05:18] [main/INFO]: [bclib] Patching... 72%
[03:05:18] [main/INFO]: [DataFixerAPI] Inspecting ./world/./region/r.0.0.mca
[03:05:19] [ForkJoinPool.commonPool-worker-1/INFO]: [DataFixerAPI] Inspecting ./world/./region/r.2.1.mca
[03:05:19] [ForkJoinPool.commonPool-worker-1/INFO]: [DataFixerAPI] Inspecting ./world/./region/r.-1.-1.mca
[03:05:19] [ForkJoinPool.commonPool-worker-1/INFO]: [bclib] Patching... 81%
[03:05:19] [ForkJoinPool.commonPool-worker-1/INFO]: [DataFixerAPI] Inspecting ./world/./region/r.2.0.mca
[03:05:19] [main/INFO]: [DataFixerAPI] Inspecting ./world/./region/r.1.-1.mca
[03:05:19] [ForkJoinPool.commonPool-worker-1/INFO]: [DataFixerAPI] Inspecting ./world/./region/r.-1.1.mca
[03:05:19] [ForkJoinPool.commonPool-worker-1/INFO]: [DataFixerAPI] Inspecting ./world/./region/r.1.1.mca
[03:05:19] [main/INFO]: [bclib] Patcher Stage... Saving Patch State%
[03:05:19] [main/INFO]: [DataFixerAPI] Updating Patch-Level for 'bclib' from 0.0.0 to 3.0.11
[03:05:20] [main/INFO]: [bclib] Did not manage biome betterend:empty_aurora_cave
[03:05:20] [main/INFO]: [bclib] Did not manage biome betterend:empty_end_cave
[03:05:20] [main/INFO]: [bclib] Did not manage biome betterend:empty_smaragdant_cave
[03:05:20] [main/INFO]: [bclib] Did not manage biome betterend:jade_cave
[03:05:20] [main/INFO]: [bclib] Did not manage biome betterend:lush_aurora_cave
[03:05:20] [main/INFO]: [bclib] Did not manage biome betterend:lush_smaragdant_cave
[03:05:20] [main/INFO]: [bclib] Did not manage biome betterend:megalake_grove
[03:05:20] [main/INFO]: [bclib] Did not manage biome betterend:neon_oasis
[03:05:20] [main/INFO]: [bclib] Did not manage biome betterend:painted_mountains
[03:05:21] [main/INFO]: [bclib] Updating Pickers for BCLib - The End  BiomeSource (7e6e3040)
[03:05:21] [main/INFO]: [bclib] Unable to build Biome List yet
[03:05:21] [main/INFO]: [bclib] No Void Biomes found. Disabling by using barrens
[03:05:21] [main/INFO]: [bclib] No Barrens Biomes found. Disabling by using land Biomes
[03:05:21] [main/WARN]: [bclib] No Center Island Biomes found. Forcing use of vanilla center.
[03:05:21] [main/INFO]: [bclib] Updating Pickers for BCLib - Nether BiomeSource (18ea9b0c)
[03:05:21] [main/INFO]: [bclib] Unable to build Biome List yet
[03:05:21] [main/INFO]: [bclib] Updating Pickers for BCLib - The End  BiomeSource (33562d83)
[03:05:21] [main/INFO]: [bclib] Unable to build Biome List yet
[03:05:21] [main/INFO]: [bclib] No Void Biomes found. Disabling by using barrens
[03:05:21] [main/INFO]: [bclib] No Barrens Biomes found. Disabling by using land Biomes
[03:05:21] [main/WARN]: [bclib] No Center Island Biomes found. Forcing use of vanilla center.
[03:05:21] [main/INFO]: [bclib] Updating Pickers for BCLib - Nether BiomeSource (4a5d8d01)
[03:05:21] [main/INFO]: [bclib] Unable to build Biome List yet
[03:05:21] [main/INFO]: [bclib] Updating Pickers for BCLib - The End  BiomeSource (7ce74e6f)
[03:05:21] [main/INFO]: [bclib] Unable to build Biome List yet
[03:05:21] [main/INFO]: [bclib] No Void Biomes found. Disabling by using barrens
[03:05:21] [main/INFO]: [bclib] No Barrens Biomes found. Disabling by using land Biomes
[03:05:21] [main/WARN]: [bclib] No Center Island Biomes found. Forcing use of vanilla center.
[03:05:21] [main/INFO]: [bclib] Updating Pickers for BCLib - Nether BiomeSource (544d018b)
[03:05:21] [main/INFO]: [bclib] Unable to build Biome List yet
[03:05:21] [main/INFO]: [bclib] Updating Pickers for BCLib - The End  BiomeSource (248ed56)
[03:05:21] [main/INFO]: [bclib] Unable to build Biome List yet
[03:05:21] [main/INFO]: [bclib] No Void Biomes found. Disabling by using barrens
[03:05:21] [main/INFO]: [bclib] No Barrens Biomes found. Disabling by using land Biomes
[03:05:21] [main/WARN]: [bclib] No Center Island Biomes found. Forcing use of vanilla center.
[03:05:21] [main/INFO]: [bclib] Updating Pickers for BCLib - Nether BiomeSource (16f1817)
[03:05:21] [main/INFO]: [bclib] Unable to build Biome List yet
[03:05:22] [main/WARN]: [bclib] No valid BCLBiome Registry available!
[03:05:22] [main/WARN]: [bclib] No valid Biome Registry available!
[03:05:22] [main/INFO]: [fabric-registry-sync] Loaded registry data [file 1/4]
[03:05:22] [main/INFO]: [bclib] Updating Pickers for BCLib - Nether BiomeSource (6034efb5)
[03:05:22] [main/INFO]: [bclib] Unable to build Biome List yet
[03:05:22] [main/INFO]: [bclib] Updating Pickers for BCLib - The End  BiomeSource (54e008a1)
[03:05:22] [main/INFO]: [bclib] Unable to build Biome List yet
[03:05:22] [main/INFO]: [bclib] No Void Biomes found. Disabling by using barrens
[03:05:22] [main/INFO]: [bclib] No Barrens Biomes found. Disabling by using land Biomes
[03:05:22] [main/WARN]: [bclib] No Center Island Biomes found. Forcing use of vanilla center.
[03:05:31] [main/INFO]: [bclib] Disabling Recipe: bclib:test_star
[03:05:31] [main/ERROR]: Parsing error loading recipe betterend:guide_book
com.google.gson.JsonSyntaxException: Unknown item 'betterend:guidebook'
	at net.minecraft.class_1869.method_17878(class_1869.java:272) ~[server-intermediary.jar:?]
	at java.util.Optional.orElseThrow(Optional.java:403) ~[?:?]
	at net.minecraft.class_1869.method_8155(class_1869.java:272) ~[server-intermediary.jar:?]
	at net.minecraft.class_1869.method_35228(class_1869.java:259) ~[server-intermediary.jar:?]
	at net.minecraft.class_1869$class_1870.method_8164(class_1869.java:293) ~[server-intermediary.jar:?]
	at net.minecraft.class_1869$class_1870.method_8121(class_1869.java:279) ~[server-intermediary.jar:?]
	at net.minecraft.class_1863.method_17720(class_1863.java:135) ~[server-intermediary.jar:?]
	at net.minecraft.class_1863.method_20705(class_1863.java:56) ~[server-intermediary.jar:?]
	at net.minecraft.class_1863.method_18788(class_1863.java:35) ~[server-intermediary.jar:?]
	at net.minecraft.class_4080.method_18790(class_4080.java:13) ~[server-intermediary.jar:?]
	at java.util.concurrent.CompletableFuture$UniAccept.tryFire(CompletableFuture.java:718) ~[?:?]
	at java.util.concurrent.CompletableFuture$Completion.run(CompletableFuture.java:482) ~[?:?]
	at net.minecraft.class_4014.method_18365(class_4014.java:69) ~[server-intermediary.jar:?]
	at net.minecraft.class_156.method_43498(class_156.java:950) ~[server-intermediary.jar:?]
	at net.minecraft.class_156.method_43499(class_156.java:938) ~[server-intermediary.jar:?]
	at net.minecraft.server.Main.main(Main.java:160) ~[server-intermediary.jar:?]
	at net.fabricmc.loader.impl.game.minecraft.MinecraftGameProvider.launch(MinecraftGameProvider.java:514) ~[fabric-loader-0.18.2.jar:?]
	at net.fabricmc.loader.impl.launch.knot.Knot.launch(Knot.java:72) ~[fabric-loader-0.18.2.jar:?]
	at net.fabricmc.loader.impl.launch.knot.KnotServer.main(KnotServer.java:23) ~[fabric-loader-0.18.2.jar:?]
	at net.fabricmc.loader.impl.launch.server.FabricServerLauncher.main(FabricServerLauncher.java:69) ~[fabric-loader-0.18.2.jar:?]
	at net.fabricmc.installer.ServerLauncher.main(ServerLauncher.java:69) ~[fabric-server-launch.jar:1.0.1]
[03:05:31] [main/INFO]: Loaded 20 recipes
[03:05:32] [main/INFO]: Loaded 3395 advancements
[03:05:32] [main/INFO]: Loaded 44 chiseling recipes
[03:05:38] [main/INFO]: [bclib] Updating Pickers for BCLib - The End  BiomeSource (54e008a1)
[03:05:38] [main/INFO]: [bclib] Updating Pickers for BCLib - Nether BiomeSource (6034efb5)
[03:05:39] [main/INFO]: Applied 222 biome modifications to 63 of 93 new biomes in 33.62 ms
[03:05:39] [Server thread/INFO]: Loading server config for illagerinvasion
[03:05:39] [Thread-2/INFO]: Reloading server config for illagerinvasion
[03:05:39] [Thread-2/INFO]: Reloading server config for illagerinvasion
[03:05:39] [Server thread/INFO]: Loading server configs...
[03:05:39] [Server thread/INFO]: Loading XaeroLib common 2/2!
[03:05:39] [Server thread/INFO]: Loading XaeroLib server 2/2!
[03:05:39] [Server thread/INFO]: Starting minecraft server version 1.20.1
[03:05:39] [Server thread/INFO]: Loading properties
[03:05:39] [Server thread/INFO]: Default game type: SURVIVAL
[03:05:39] [Server thread/INFO]: Generating keypair
[03:05:39] [Server thread/INFO]: Starting Minecraft server on *:25565
[03:05:39] [Server thread/INFO]: Using epoll channel type
[03:05:40] [Server thread/WARN]: **** SERVER IS RUNNING IN OFFLINE/INSECURE MODE!
[03:05:40] [Server thread/WARN]: The server will make no attempt to authenticate usernames. Beware.
[03:05:40] [Server thread/WARN]: While this makes the game possible to play without internet access, it also opens up the ability for hackers to connect with any username they choose.
[03:05:40] [Server thread/WARN]: To change this, set "online-mode" to "true" in the server.properties file.
[03:05:40] [Server thread/INFO]: Preparing level "world"
[03:05:40] [Server thread/INFO]: [bclib] 
Apply Modifications for minecraft:overworld
    class_4766 (460c3d6a)
        biomes     = 53
        namespaces = minecraft(53)
[03:05:40] [Server thread/INFO]: [bclib] 
Apply Modifications for minecraft:the_end
    BCLib - The End  BiomeSource (54e008a1)
        biomes     = 24
        namespaces = betterend(19), minecraft(5)
        seed       = 3150894994401466620
        height     = 128
        deciders   = 0
        config     = BCLEndBiomeSourceConfig{mapVersion=hex, generatorVersion=vanilla, withVoidBiomes=true, innerVoidRadiusSquared=1048576, voidBiomesSize=256, centerBiomesSize=256, landBiomesSize=256, barrensBiomesSize=256}
[03:05:40] [Server thread/INFO]: [bclib] 
Apply Modifications for deeperdarker:otherside
    class_4766 (29b1ebb0)
        biomes     = 4
        namespaces = deeperdarker(4)
[03:05:40] [Server thread/INFO]: [bclib] 
Apply Modifications for minecraft:the_nether
    BCLib - Nether BiomeSource (6034efb5)
        biomes     = 5
        namespaces = minecraft(5)
        seed       = 3150894994401466620
        height     = 128
        config     = BCLibNetherBiomeSourceConfig{mapVersion=hex, useVerticalBiomes=true, amplified=false, biomeSize=256, biomeSizeVertical=86}
[03:05:40] [Server thread/INFO]: [bclib] World Dimensions: 
 - minecraft:overworld: 
     net.minecraft.class_3754@69f433b9 
     class_4766 (460c3d6a)
         biomes     = 53
         namespaces = minecraft(53)
 - minecraft:the_end: 
     BCLib - Chunk Generator (5e765e9b) 
     BCLib - The End  BiomeSource (54e008a1)
         biomes     = 24
         namespaces = betterend(19), minecraft(5)
         seed       = 3150894994401466620
         height     = 128
         deciders   = 0
         config     = BCLEndBiomeSourceConfig{mapVersion=hex, generatorVersion=vanilla, withVoidBiomes=true, innerVoidRadiusSquared=1048576, voidBiomesSize=256, centerBiomesSize=256, landBiomesSize=256, barrensBiomesSize=256}
 - deeperdarker:otherside: 
     net.minecraft.class_3754@1a3c54ff 
     class_4766 (29b1ebb0)
         biomes     = 4
         namespaces = deeperdarker(4)
 - minecraft:the_nether: 
     BCLib - Chunk Generator (69441177) 
     BCLib - Nether BiomeSource (6034efb5)
         biomes     = 5
         namespaces = minecraft(5)
         seed       = 3150894994401466620
         height     = 128
         config     = BCLibNetherBiomeSourceConfig{mapVersion=hex, useVerticalBiomes=true, amplified=false, biomeSize=256, biomeSizeVertical=86}
[03:05:40] [Server thread/INFO]: [bclib] Merged 19 additional Surface Rules for 
BCLib - The End  BiomeSource (54e008a1)
    biomes     = 24
    namespaces = betterend(19), minecraft(5)
    seed       = 3150894994401466620
    height     = 128
    deciders   = 0
    config     = BCLEndBiomeSourceConfig{mapVersion=hex, generatorVersion=vanilla, withVoidBiomes=true, innerVoidRadiusSquared=1048576, voidBiomesSize=256, centerBiomesSize=256, landBiomesSize=256, barrensBiomesSize=256} => 20
[03:05:50] [Server thread/INFO]: Preparing start region for dimension minecraft:overworld
[03:06:01] [Worker-Main-1/INFO]: Preparing spawn area: 0%
[03:06:01] [Worker-Main-1/INFO]: Preparing spawn area: 0%
[03:06:01] [Worker-Main-1/INFO]: Preparing spawn area: 0%
[03:06:01] [Worker-Main-1/INFO]: Preparing spawn area: 0%
[03:06:01] [Worker-Main-1/INFO]: Preparing spawn area: 0%
[03:06:01] [Worker-Main-1/INFO]: Preparing spawn area: 0%
[03:06:01] [Worker-Main-1/INFO]: Preparing spawn area: 0%
[03:06:01] [Worker-Main-1/INFO]: Preparing spawn area: 0%
[03:06:01] [Worker-Main-1/INFO]: Preparing spawn area: 0%
[03:06:01] [Worker-Main-1/INFO]: Preparing spawn area: 0%
[03:06:01] [Worker-Main-1/INFO]: Preparing spawn area: 0%
[03:06:01] [Worker-Main-1/INFO]: Preparing spawn area: 0%
[03:06:01] [Worker-Main-1/INFO]: Preparing spawn area: 0%
[03:06:01] [Worker-Main-1/INFO]: Preparing spawn area: 0%
[03:06:01] [Worker-Main-1/INFO]: Preparing spawn area: 0%
[03:06:01] [Worker-Main-1/INFO]: Preparing spawn area: 0%
[03:06:01] [Worker-Main-1/INFO]: Preparing spawn area: 0%
[03:06:01] [Worker-Main-1/INFO]: Preparing spawn area: 0%
[03:06:02] [Worker-Main-1/INFO]: Preparing spawn area: 0%
[03:06:02] [Worker-Main-1/INFO]: Preparing spawn area: 0%
[03:06:02] [Worker-Main-1/INFO]: Preparing spawn area: 0%
[03:06:02] [Worker-Main-1/INFO]: Preparing spawn area: 0%
[03:06:02] [Worker-Main-1/INFO]: Preparing spawn area: 0%
[03:06:02] [Worker-Main-1/INFO]: Preparing spawn area: 0%
[03:06:02] [Worker-Main-1/INFO]: Preparing spawn area: 0%
[03:06:03] [Worker-Main-1/INFO]: Preparing spawn area: 0%
[03:06:03] [Worker-Main-1/INFO]: Preparing spawn area: 0%
[03:06:04] [Worker-Main-1/INFO]: Preparing spawn area: 0%
[03:06:04] [Worker-Main-1/INFO]: Preparing spawn area: 0%
[03:06:05] [Worker-Main-1/INFO]: Preparing spawn area: 0%
[03:06:06] [Server thread/INFO]: Time elapsed: 15570 ms
[03:06:06] [Server thread/INFO]: Done (25.745s)! For help, type "help"
[03:06:06] [Server thread/INFO]: Start loading plugin from Balm
[03:06:06] [Server thread/INFO]: Start loading plugin from Jade
[03:06:06] [Server thread/INFO]: Start loading plugin from Jade
[03:06:06] [Server thread/INFO]: Start loading plugin from Jade
[03:06:06] [Server thread/INFO]: Start loading plugin from Waystones
[03:06:06] [Server thread/WARN]: [voicechat] Running in offline mode - Voice chat encryption is not secure!
[03:06:06] [VoiceChatServerThread/INFO]: [voicechat] Voice chat server started at port 24454
[03:06:06] [Server thread/INFO]: Loading Xaero's Minimap - Stage 2/2 (Server)
[03:06:06] [Server thread/INFO]: Loading Xaero's World Map - Stage 2/2 (Server)
[03:06:17] [Server thread/INFO]: Faze_Pepito[/127.181.136.20:33851] logged in with entity id 134 at (451.1209751186461, 109.36540452830592, 133.2613327669878)
[03:06:17] [Server thread/INFO]: Syncing config to Faze_Pepito (47da7f89-824a-300f-9f08-780a65852e83)
[03:06:17] [Server thread/INFO]: Loading config from file...
[03:06:17] [Server thread/INFO]: Faze_Pepito joined the game
[03:06:17] [Server thread/INFO]: [voicechat] Received secret request of Faze_Pepito (20)
[03:06:17] [Server thread/INFO]: [voicechat] Sent secret to Faze_Pepito
[03:06:17] [Server thread/INFO]: [bclib] Received Hello from Client. (server=3.0.14, client=3.0.14)
[03:06:17] [Server thread/INFO]: [bclib] Sending Hello to Client. (server=3.0.14)
[03:06:17] [Server thread/INFO]: [bclib] 	- Listing Mod bclib v3.0.14 (size: 2.2 MiB, download=true)
[03:06:17] [Server thread/INFO]: [bclib] 	- Offering Config bclib.CONFIG_bclib.generator
[03:06:17] [Server thread/INFO]: [bclib] 	- Offering Config bclib.CONFIG_bclib.main
[03:06:17] [Server thread/INFO]: [bclib] 	- Offering Config bclib.CONFIG_bclib.biomes
[03:06:17] [Server thread/INFO]: [bclib] 	- Offering Config bclib.CONFIG_betterend.entities
[03:06:17] [Server thread/INFO]: [bclib] 	- Offering Config bclib.CONFIG_betterend.blocks
[03:06:17] [Server thread/INFO]: [bclib] 	- Offering Config bclib.CONFIG_betterend.items
[03:06:17] [Server thread/INFO]: [bclib] 	- Offering Config bclib.CONFIG_betterend.enchantments
[03:06:17] [Server thread/INFO]: [bclib] 	- Offering Folder /workspaces/MSX/servidor_minecraft/bclib-sync (allowDelete=true)
[03:06:22] [Server thread/WARN]: Can't keep up! Is the server overloaded? Running 5438ms or 108 ticks behind
[03:06:27] [Server thread/INFO]: [Faze_Pepito: Set own game mode to Creative Mode]
[03:06:39] [Server thread/WARN]: Can't keep up! Is the server overloaded? Running 2037ms or 40 ticks behind
[03:06:43] [Server thread/WARN]: Faze_Pepito moved too quickly! -2.715706994464256,7.069321899567683,-7.211421239091479
[03:06:57] [Server thread/WARN]: Can't keep up! Is the server overloaded? Running 2643ms or 52 ticks behind
[03:07:38] [Server thread/INFO]: [Not Secure] <Faze_Pepito> 352 64 10
[03:07:55] [Server thread/INFO]: [Not Secure] <Faze_Pepito> 309 64 50
[03:08:21] [Server thread/INFO]: [Faze_Pepito: Successfully filled 413 block(s)]
[03:09:10] [Server thread/INFO]: [Faze_Pepito: Successfully filled 36 block(s)]
[03:09:10] [Server thread/INFO]: [Faze_Pepito: Killed Chicken]
[03:09:10] [Server thread/INFO]: [Faze_Pepito: Successfully filled 299 block(s)]
[03:09:10] [Server thread/INFO]: [Faze_Pepito: Successfully filled 32 block(s)]
[03:09:10] [Server thread/INFO]: [Faze_Pepito: Killed 2 entities]
[03:09:10] [Server thread/INFO]: [Faze_Pepito: Successfully filled 1153 block(s)]
[03:09:10] [Server thread/INFO]: [Faze_Pepito: Successfully filled 128 block(s)]
[03:09:10] [Server thread/INFO]: [Faze_Pepito: Successfully filled 16 block(s)]
[03:09:10] [Server thread/INFO]: [Faze_Pepito: Successfully filled 1023 block(s)]
[03:09:10] [Server thread/INFO]: [Faze_Pepito: Successfully filled 305 block(s)]
[03:09:10] [Server thread/INFO]: [Faze_Pepito: Successfully filled 402 block(s)]
[03:09:10] [Server thread/INFO]: [Faze_Pepito: Successfully filled 40 block(s)]
[03:09:10] [Server thread/INFO]: [Faze_Pepito: Successfully filled 167 block(s)]
[03:09:10] [Server thread/INFO]: [Faze_Pepito: Successfully filled 3 block(s)]
[03:09:10] [Server thread/INFO]: [Faze_Pepito: Successfully filled 48 block(s)]
[03:09:10] [Server thread/INFO]: [Faze_Pepito: Successfully filled 86 block(s)]
[03:09:10] [Server thread/INFO]: [Faze_Pepito: Successfully filled 48 block(s)]
[03:09:10] [Server thread/INFO]: [Faze_Pepito: Successfully filled 15 block(s)]
[03:09:18] [Server thread/INFO]: [Faze_Pepito: Successfully filled 12 block(s)]
[03:09:20] [Server thread/INFO]: [Faze_Pepito: Successfully filled 18 block(s)]
[03:09:26] [Server thread/INFO]: [Faze_Pepito: Successfully filled 20 block(s)]
[03:10:28] [Server thread/INFO]: [Faze_Pepito: Killed 3 entities]
[03:10:28] [Server thread/INFO]: [Faze_Pepito: Successfully filled 480 block(s)]
[03:10:28] [Server thread/INFO]: [Faze_Pepito: Successfully filled 150 block(s)]
[03:10:28] [Server thread/INFO]: [Faze_Pepito: Successfully filled 2560 block(s)]
[03:10:28] [Server thread/INFO]: [Faze_Pepito: Successfully filled 800 block(s)]
[03:10:28] [Server thread/INFO]: [Faze_Pepito: Successfully filled 480 block(s)]
[03:10:28] [Server thread/INFO]: [Faze_Pepito: Successfully filled 2560 block(s)]
[03:10:28] [Server thread/INFO]: [Faze_Pepito: Successfully filled 2560 block(s)]
[03:10:28] [Server thread/INFO]: [Faze_Pepito: Successfully filled 800 block(s)]
[03:10:28] [Server thread/INFO]: [Faze_Pepito: Successfully filled 120 block(s)]
[03:10:29] [Server thread/INFO]: [Faze_Pepito: Successfully filled 2560 block(s)]
[03:10:29] [Server thread/INFO]: [Faze_Pepito: Successfully filled 640 block(s)]
[03:10:29] [Server thread/INFO]: [Faze_Pepito: Successfully filled 959 block(s)]
[03:10:29] [Server thread/INFO]: [Faze_Pepito: Successfully filled 640 block(s)]
[03:10:29] [Server thread/INFO]: [Faze_Pepito: Successfully filled 300 block(s)]
[03:10:29] [Server thread/INFO]: [Faze_Pepito: Successfully filled 960 block(s)]
[03:10:29] [Server thread/INFO]: [Faze_Pepito: Successfully filled 240 block(s)]
[03:10:37] [Server thread/INFO]: [Faze_Pepito: Successfully filled 192 block(s)]
[03:10:37] [Server thread/INFO]: [Faze_Pepito: Successfully filled 60 block(s)]
[03:10:37] [Server thread/INFO]: [Faze_Pepito: Successfully filled 512 block(s)]
[03:10:37] [Server thread/INFO]: [Faze_Pepito: Successfully filled 192 block(s)]
[03:10:37] [Server thread/INFO]: [Faze_Pepito: Successfully filled 160 block(s)]
[03:10:37] [Server thread/INFO]: [Faze_Pepito: Successfully filled 512 block(s)]
[03:10:37] [Server thread/INFO]: [Faze_Pepito: Successfully filled 512 block(s)]
[03:10:37] [Server thread/INFO]: [Faze_Pepito: Successfully filled 160 block(s)]
[03:10:37] [Server thread/INFO]: [Faze_Pepito: Successfully filled 48 block(s)]
[03:10:37] [Server thread/INFO]: [Faze_Pepito: Successfully filled 512 block(s)]
[03:10:37] [Server thread/INFO]: [Faze_Pepito: Successfully filled 128 block(s)]
[03:10:37] [Server thread/INFO]: [Faze_Pepito: Successfully filled 128 block(s)]
[03:10:37] [Server thread/INFO]: [Faze_Pepito: Successfully filled 192 block(s)]
[03:10:37] [Server thread/INFO]: [Faze_Pepito: Successfully filled 60 block(s)]
[03:10:37] [Server thread/INFO]: [Faze_Pepito: Successfully filled 192 block(s)]
[03:10:37] [Server thread/INFO]: [Faze_Pepito: Successfully filled 48 block(s)]
[03:10:42] [Server thread/INFO]: [Faze_Pepito: Successfully filled 58 block(s)]
[03:10:42] [Server thread/INFO]: [Faze_Pepito: Successfully filled 18 block(s)]
[03:11:27] [Server thread/INFO]: [Faze_Pepito: Successfully filled 160 block(s)]
[03:11:27] [Server thread/INFO]: [Faze_Pepito: Successfully filled 50 block(s)]
[03:11:27] [Server thread/INFO]: [Faze_Pepito: Successfully filled 160 block(s)]
[03:11:27] [Server thread/INFO]: [Faze_Pepito: Successfully filled 60 block(s)]
[03:11:40] [Server thread/INFO]: [Faze_Pepito: Successfully filled 1440 block(s)]
[03:11:40] [Server thread/INFO]: [Faze_Pepito: Successfully filled 450 block(s)]
[03:11:40] [Server thread/INFO]: [Faze_Pepito: Successfully filled 1440 block(s)]
[03:11:40] [Server thread/INFO]: [Faze_Pepito: Successfully filled 540 block(s)]
[03:11:58] [Server thread/INFO]: [Faze_Pepito: Successfully filled 70 block(s)]
[03:11:58] [Server thread/INFO]: [Faze_Pepito: Successfully filled 1120 block(s)]
[03:11:58] [Server thread/INFO]: [Faze_Pepito: Successfully filled 910 block(s)]
[03:12:43] [Server thread/INFO]: [Faze_Pepito: Successfully filled 40 block(s)]
[03:12:43] [Server thread/INFO]: [Faze_Pepito: Successfully filled 640 block(s)]
[03:12:43] [Server thread/INFO]: [Faze_Pepito: Successfully filled 120 block(s)]
[03:12:48] [Server thread/INFO]: [Faze_Pepito: Killed 3 entities]
[03:12:48] [Server thread/INFO]: [Faze_Pepito: Successfully filled 208 block(s)]
[03:12:48] [Server thread/INFO]: [Faze_Pepito: Successfully filled 48 block(s)]
[03:12:50] [Server thread/INFO]: [Faze_Pepito: Successfully filled 28 block(s)]
[03:14:42] [Server thread/WARN]: Can't keep up! Is the server overloaded? Running 2003ms or 40 ticks behind
[03:14:46] [Server thread/INFO]: [Faze_Pepito: Set own game mode to Spectator Mode]
